Component: ARM Compiler 6.12 Tool: armlink [5d624300]

==============================================================================

Section Cross References

    system_stm32f10x.o(.text) refers to system_stm32f10x.o(.data.SystemCoreClock) for SystemCoreClock
    system_stm32f10x.o(.text) refers to system_stm32f10x.o(.rodata.AHBPrescTable) for AHBPrescTable
    system_stm32f10x.o(.ARM.exidx) refers to system_stm32f10x.o(.text) for [Anonymous Symbol]
    startup_stm32f10x_md_vl.o(STACK) refers (Special) to heapauxi.o(.text) for __use_two_region_memory
    startup_stm32f10x_md_vl.o(HEAP) refers (Special) to heapauxi.o(.text) for __use_two_region_memory
    startup_stm32f10x_md_vl.o(RESET) refers (Special) to heapauxi.o(.text) for __use_two_region_memory
    startup_stm32f10x_md_vl.o(RESET) refers to startup_stm32f10x_md_vl.o(STACK) for __initial_sp
    startup_stm32f10x_md_vl.o(RESET) refers to startup_stm32f10x_md_vl.o(.text) for Reset_Handler
    startup_stm32f10x_md_vl.o(RESET) refers to lab4main.o(ARMex) for SysTick_Handler
    startup_stm32f10x_md_vl.o(.text) refers (Special) to heapauxi.o(.text) for __use_two_region_memory
    startup_stm32f10x_md_vl.o(.text) refers to system_stm32f10x.o(.text) for SystemInit
    startup_stm32f10x_md_vl.o(.text) refers to lab4main.o(ARMex) for __main
    startup_stm32f10x_md_vl.o(.text) refers to startup_stm32f10x_md_vl.o(HEAP) for Heap_Mem
    startup_stm32f10x_md_vl.o(.text) refers to startup_stm32f10x_md_vl.o(STACK) for Stack_Mem
    lab4main.o(MyConst) refers (Special) to serialio.o(ARMex) for serialIO
    lab4main.o(MyData) refers (Special) to serialio.o(ARMex) for serialIO
    lab4main.o(ARMex) refers (Special) to serialio.o(ARMex) for serialIO
    lab4main.o(ARMex) refers to initint.o(ARMex) for initint
    lab4main.o(ARMex) refers to inittime.o(ARMex) for inittime
    lab4main.o(ARMex) refers to lab4main.o(MyData) for clicks
    serialio.o(ARMex) refers to serialio.o(DATAINIT) for ASCII
    serialio.o(ARMex) refers to serialio.o(Mydata) for ASCII_CHARS


==============================================================================

Removing Unused input sections from the image.

    Removing system_stm32f10x.o(.ARM.exidx), (16 bytes).
    Removing lab4main.o(MyConst), (0 bytes).
    Removing initint.o(MyConst), (0 bytes).
    Removing initint.o(MyData), (0 bytes).
    Removing inittime.o(MyConst), (0 bytes).
    Removing inittime.o(MyData), (0 bytes).

6 unused section(s) (total 16 bytes) removed from the image.

==============================================================================

Image Symbol Table

    Local Symbols

    Symbol Name                              Value     Ov Type        Size  Object(Section)

    ../clib/heapaux.c                        0x00000000   Number         0  heapauxi.o ABSOLUTE
    C:\Keil_v5\ARM\ME586\STM32F10x_StdPeriph_Lib_V3.5.0\Libraries\CMSIS\CM3\DeviceSupport\ST\STM32F10x\startup\arm\startup_stm32f10x_md_vl.s 0x00000000   Number         0  startup_stm32f10x_md_vl.o ABSOLUTE
    dc.s                                     0x00000000   Number         0  dc.o ABSOLUTE
    initint.s                                0x00000000   Number         0  initint.o ABSOLUTE
    inittime.s                               0x00000000   Number         0  inittime.o ABSOLUTE
    lab4main.s                               0x00000000   Number         0  lab4main.o ABSOLUTE
    serialIO.s                               0x00000000   Number         0  serialio.o ABSOLUTE
    system_stm32f10x.c                       0x00000000   Number         0  system_stm32f10x.o ABSOLUTE
    RESET                                    0x08000000   Section      288  startup_stm32f10x_md_vl.o(RESET)
    [Anonymous Symbol]                       0x08000120   Section        0  system_stm32f10x.o(.text)
    __arm_cp.0_0                             0x080001fc   Number         4  system_stm32f10x.o(.text)
    __arm_cp.0_1                             0x08000200   Number         4  system_stm32f10x.o(.text)
    __arm_cp.0_2                             0x08000204   Number         4  system_stm32f10x.o(.text)
    __arm_cp.0_3                             0x08000208   Number         4  system_stm32f10x.o(.text)
    __arm_cp.0_4                             0x0800020c   Number         4  system_stm32f10x.o(.text)
    __arm_cp.1_0                             0x08000250   Number         4  system_stm32f10x.o(.text)
    __arm_cp.1_1                             0x08000254   Number         4  system_stm32f10x.o(.text)
    __arm_cp.1_2                             0x08000258   Number         4  system_stm32f10x.o(.text)
    __arm_cp.1_3                             0x0800025c   Number         4  system_stm32f10x.o(.text)
    __arm_cp.1_4                             0x08000260   Number         4  system_stm32f10x.o(.text)
    .text                                    0x08000264   Section       64  startup_stm32f10x_md_vl.o(.text)
    .text                                    0x080002a4   Section        0  heapauxi.o(.text)
    ARMex                                    0x080002ac   Section      140  lab4main.o(ARMex)
    ARMex                                    0x08000338   Section      472  serialio.o(ARMex)
    ARMex                                    0x08000510   Section       76  initint.o(ARMex)
    ARMex                                    0x0800055c   Section       60  inittime.o(ARMex)
    ASCII                                    0x080005a8   Data           1  serialio.o(DATAINIT)
    DATAINIT                                 0x080005a8   Section        1  serialio.o(DATAINIT)
    clicks                                   0x20000004   Data           2  lab4main.o(MyData)
    MyData                                   0x20000004   Section        4  lab4main.o(MyData)
    outclicks                                0x20000006   Data           2  lab4main.o(MyData)
    Mydata                                   0x20000008   Section       15  serialio.o(Mydata)
    ASCII_CHARS                              0x20000011   Data           6  serialio.o(Mydata)
    Heap_Mem                                 0x20000018   Data         512  startup_stm32f10x_md_vl.o(HEAP)
    HEAP                                     0x20000018   Section      512  startup_stm32f10x_md_vl.o(HEAP)
    Stack_Mem                                0x20000218   Data        1024  startup_stm32f10x_md_vl.o(STACK)
    STACK                                    0x20000218   Section     1024  startup_stm32f10x_md_vl.o(STACK)
    __initial_sp                             0x20000618   Data           0  startup_stm32f10x_md_vl.o(STACK)

    Global Symbols

    Symbol Name                              Value     Ov Type        Size  Object(Section)

    BuildAttributes$$THM_ISAv4$P$D$K$B$S$PE$A:L22UL41UL21$X:L11$S22US41US21$IEEE1$IW$~IW$USESV6$~STKCKD$USESV7$~SHL$OSPACE$ROPI$EBA8$STANDARDLIB$REQ8$EABIv2 0x00000000   Number         0  anon$$obj.o ABSOLUTE
    __Vectors_Size                           0x00000120   Number         0  startup_stm32f10x_md_vl.o ABSOLUTE
    __Vectors                                0x08000000   Data           4  startup_stm32f10x_md_vl.o(RESET)
    SystemInit                               0x08000121   Thumb Code   240  system_stm32f10x.o(.text)
    __Vectors_End                            0x08000120   Data           0  startup_stm32f10x_md_vl.o(RESET)
    SystemCoreClockUpdate                    0x08000211   Thumb Code    84  system_stm32f10x.o(.text)
    Reset_Handler                            0x08000265   Thumb Code     8  startup_stm32f10x_md_vl.o(.text)
    NMI_Handler                              0x0800026d   Thumb Code     2  startup_stm32f10x_md_vl.o(.text)
    HardFault_Handler                        0x0800026f   Thumb Code     2  startup_stm32f10x_md_vl.o(.text)
    MemManage_Handler                        0x08000271   Thumb Code     2  startup_stm32f10x_md_vl.o(.text)
    BusFault_Handler                         0x08000273   Thumb Code     2  startup_stm32f10x_md_vl.o(.text)
    UsageFault_Handler                       0x08000275   Thumb Code     2  startup_stm32f10x_md_vl.o(.text)
    SVC_Handler                              0x08000277   Thumb Code     2  startup_stm32f10x_md_vl.o(.text)
    DebugMon_Handler                         0x08000279   Thumb Code     2  startup_stm32f10x_md_vl.o(.text)
    PendSV_Handler                           0x0800027b   Thumb Code     2  startup_stm32f10x_md_vl.o(.text)
    ADC1_IRQHandler                          0x0800027f   Thumb Code     0  startup_stm32f10x_md_vl.o(.text)
    CEC_IRQHandler                           0x0800027f   Thumb Code     0  startup_stm32f10x_md_vl.o(.text)
    DMA1_Channel1_IRQHandler                 0x0800027f   Thumb Code     0  startup_stm32f10x_md_vl.o(.text)
    DMA1_Channel2_IRQHandler                 0x0800027f   Thumb Code     0  startup_stm32f10x_md_vl.o(.text)
    DMA1_Channel3_IRQHandler                 0x0800027f   Thumb Code     0  startup_stm32f10x_md_vl.o(.text)
    DMA1_Channel4_IRQHandler                 0x0800027f   Thumb Code     0  startup_stm32f10x_md_vl.o(.text)
    DMA1_Channel5_IRQHandler                 0x0800027f   Thumb Code     0  startup_stm32f10x_md_vl.o(.text)
    DMA1_Channel6_IRQHandler                 0x0800027f   Thumb Code     0  startup_stm32f10x_md_vl.o(.text)
    DMA1_Channel7_IRQHandler                 0x0800027f   Thumb Code     0  startup_stm32f10x_md_vl.o(.text)
    EXTI0_IRQHandler                         0x0800027f   Thumb Code     0  startup_stm32f10x_md_vl.o(.text)
    EXTI15_10_IRQHandler                     0x0800027f   Thumb Code     0  startup_stm32f10x_md_vl.o(.text)
    EXTI2_IRQHandler                         0x0800027f   Thumb Code     0  startup_stm32f10x_md_vl.o(.text)
    EXTI3_IRQHandler                         0x0800027f   Thumb Code     0  startup_stm32f10x_md_vl.o(.text)
    EXTI4_IRQHandler                         0x0800027f   Thumb Code     0  startup_stm32f10x_md_vl.o(.text)
    EXTI9_5_IRQHandler                       0x0800027f   Thumb Code     0  startup_stm32f10x_md_vl.o(.text)
    FLASH_IRQHandler                         0x0800027f   Thumb Code     0  startup_stm32f10x_md_vl.o(.text)
    I2C1_ER_IRQHandler                       0x0800027f   Thumb Code     0  startup_stm32f10x_md_vl.o(.text)
    I2C1_EV_IRQHandler                       0x0800027f   Thumb Code     0  startup_stm32f10x_md_vl.o(.text)
    I2C2_ER_IRQHandler                       0x0800027f   Thumb Code     0  startup_stm32f10x_md_vl.o(.text)
    I2C2_EV_IRQHandler                       0x0800027f   Thumb Code     0  startup_stm32f10x_md_vl.o(.text)
    PVD_IRQHandler                           0x0800027f   Thumb Code     0  startup_stm32f10x_md_vl.o(.text)
    RCC_IRQHandler                           0x0800027f   Thumb Code     0  startup_stm32f10x_md_vl.o(.text)
    RTCAlarm_IRQHandler                      0x0800027f   Thumb Code     0  startup_stm32f10x_md_vl.o(.text)
    RTC_IRQHandler                           0x0800027f   Thumb Code     0  startup_stm32f10x_md_vl.o(.text)
    SPI1_IRQHandler                          0x0800027f   Thumb Code     0  startup_stm32f10x_md_vl.o(.text)
    SPI2_IRQHandler                          0x0800027f   Thumb Code     0  startup_stm32f10x_md_vl.o(.text)
    TAMPER_IRQHandler                        0x0800027f   Thumb Code     0  startup_stm32f10x_md_vl.o(.text)
    TIM1_BRK_TIM15_IRQHandler                0x0800027f   Thumb Code     0  startup_stm32f10x_md_vl.o(.text)
    TIM1_CC_IRQHandler                       0x0800027f   Thumb Code     0  startup_stm32f10x_md_vl.o(.text)
    TIM1_TRG_COM_TIM17_IRQHandler            0x0800027f   Thumb Code     0  startup_stm32f10x_md_vl.o(.text)
    TIM1_UP_TIM16_IRQHandler                 0x0800027f   Thumb Code     0  startup_stm32f10x_md_vl.o(.text)
    TIM2_IRQHandler                          0x0800027f   Thumb Code     0  startup_stm32f10x_md_vl.o(.text)
    TIM3_IRQHandler                          0x0800027f   Thumb Code     0  startup_stm32f10x_md_vl.o(.text)
    TIM4_IRQHandler                          0x0800027f   Thumb Code     0  startup_stm32f10x_md_vl.o(.text)
    TIM6_DAC_IRQHandler                      0x0800027f   Thumb Code     0  startup_stm32f10x_md_vl.o(.text)
    TIM7_IRQHandler                          0x0800027f   Thumb Code     0  startup_stm32f10x_md_vl.o(.text)
    USART1_IRQHandler                        0x0800027f   Thumb Code     0  startup_stm32f10x_md_vl.o(.text)
    USART2_IRQHandler                        0x0800027f   Thumb Code     0  startup_stm32f10x_md_vl.o(.text)
    USART3_IRQHandler                        0x0800027f   Thumb Code     0  startup_stm32f10x_md_vl.o(.text)
    WWDG_IRQHandler                          0x0800027f   Thumb Code     0  startup_stm32f10x_md_vl.o(.text)
    __user_initial_stackheap                 0x08000281   Thumb Code     0  startup_stm32f10x_md_vl.o(.text)
    __use_two_region_memory                  0x080002a5   Thumb Code     2  heapauxi.o(.text)
    __rt_heap_escrow$2region                 0x080002a7   Thumb Code     2  heapauxi.o(.text)
    __rt_heap_expand$2region                 0x080002a9   Thumb Code     2  heapauxi.o(.text)
    __main                                   0x080002ad   Thumb Code    72  lab4main.o(ARMex)
    EXTI1_IRQHandler                         0x080002f5   Thumb Code    26  lab4main.o(ARMex)
    SysTick_Handler                          0x0800030f   Thumb Code    30  lab4main.o(ARMex)
    serialIO                                 0x08000339   Thumb Code    34  serialio.o(ARMex)
    initcom                                  0x0800035b   Thumb Code    70  serialio.o(ARMex)
    checkcom                                 0x080003a1   Thumb Code    38  serialio.o(ARMex)
    getchar                                  0x080003c7   Thumb Code    20  serialio.o(ARMex)
    showchar                                 0x080003db   Thumb Code    30  serialio.o(ARMex)
    testChComp                               0x080003f9   Thumb Code    14  serialio.o(ARMex)
    bindec                                   0x08000407   Thumb Code   108  serialio.o(ARMex)
    shownum                                  0x08000473   Thumb Code   124  serialio.o(ARMex)
    initint                                  0x08000511   Thumb Code    54  initint.o(ARMex)
    inittime                                 0x0800055d   Thumb Code    46  inittime.o(ARMex)
    AHBPrescTable                            0x08000598   Data          16  system_stm32f10x.o(.rodata.AHBPrescTable)
    SystemCoreClock                          0x20000000   Data           4  system_stm32f10x.o(.data.SystemCoreClock)



==============================================================================

Memory Map of the image

  Image Entry point : 0x08000265

  Load Region LR_1 (Base: 0x08000000, Size: 0x000005c4, Max: 0xffffffff, ABSOLUTE)

    Execution Region ER_RO (Exec base: 0x08000000, Load base: 0x08000000, Size: 0x000005ac, Max: 0xffffffff, ABSOLUTE)

    Exec Addr    Load Addr    Size         Type   Attr      Idx    E Section Name        Object

    0x08000000   0x08000000   0x00000120   Data   RO           14    RESET               startup_stm32f10x_md_vl.o
    0x08000120   0x08000120   0x00000144   Code   RO            1    .text               system_stm32f10x.o
    0x08000264   0x08000264   0x00000040   Code   RO           15  * .text               startup_stm32f10x_md_vl.o
    0x080002a4   0x080002a4   0x00000006   Code   RO           47    .text               c_w.l(heapauxi.o)
    0x080002aa   0x080002aa   0x00000002   PAD
    0x080002ac   0x080002ac   0x0000008c   Code   RO           23  * ARMex               lab4main.o
    0x08000338   0x08000338   0x000001d8   Code   RO           29    ARMex               serialio.o
    0x08000510   0x08000510   0x0000004c   Code   RO           35  * ARMex               initint.o
    0x0800055c   0x0800055c   0x0000003c   Code   RO           41  * ARMex               inittime.o
    0x08000598   0x08000598   0x00000010   Data   RO            4    .rodata.AHBPrescTable  system_stm32f10x.o
    0x080005a8   0x080005a8   0x00000001   Data   RO           28    DATAINIT            serialio.o


    Execution Region ER_RW (Exec base: 0x20000000, Load base: 0x080005ac, Size: 0x00000018, Max: 0xffffffff, ABSOLUTE)

    Exec Addr    Load Addr    Size         Type   Attr      Idx    E Section Name        Object

    0x20000000   0x080005ac   0x00000004   Data   RW            3    .data.SystemCoreClock  system_stm32f10x.o
    0x20000004   0x080005b0   0x00000004   Data   RW           22    MyData              lab4main.o
    0x20000008   0x080005b4   0x0000000f   Data   RW           27    Mydata              serialio.o


    Execution Region ER_ZI (Exec base: 0x20000018, Load base: 0x080005c4, Size: 0x00000600, Max: 0xffffffff, ABSOLUTE)

    Exec Addr    Load Addr    Size         Type   Attr      Idx    E Section Name        Object

    0x20000018        -       0x00000200   Zero   RW           13    HEAP                startup_stm32f10x_md_vl.o
    0x20000218        -       0x00000400   Zero   RW           12    STACK               startup_stm32f10x_md_vl.o


==============================================================================

Image component sizes


      Code (inc. data)   RO Data    RW Data    ZI Data      Debug   Object Name

        76         22          0          0          0        404   initint.o
        60         14          0          0          0        400   inittime.o
       140         12          0          4          0        516   lab4main.o
       472         34          1         15          0        780   serialio.o
        64         26        288          0       1536       1108   startup_stm32f10x_md_vl.o
       324         40         16          4          0       2840   system_stm32f10x.o

    ----------------------------------------------------------------------
      1136        148        308         24       1536       6048   Object Totals
         0          0          0          0          0          0   (incl. Generated)
         0          0          3          1          0          0   (incl. Padding)

    ----------------------------------------------------------------------

      Code (inc. data)   RO Data    RW Data    ZI Data      Debug   Library Member Name

         6          0          0          0          0        152   heapauxi.o

    ----------------------------------------------------------------------
         8          0          0          0          0        152   Library Totals
         2          0          0          0          0          0   (incl. Padding)

    ----------------------------------------------------------------------

      Code (inc. data)   RO Data    RW Data    ZI Data      Debug   Library Name

         6          0          0          0          0        152   c_w.l

    ----------------------------------------------------------------------
         8          0          0          0          0        152   Library Totals

    ----------------------------------------------------------------------

==============================================================================


      Code (inc. data)   RO Data    RW Data    ZI Data      Debug   

      1144        148        308         24       1536       5992   Grand Totals
      1144        148        308         24       1536       5992   ELF Image Totals
      1144        148        308         24          0          0   ROM Totals

==============================================================================

    Total RO  Size (Code + RO Data)                 1452 (   1.42kB)
    Total RW  Size (RW Data + ZI Data)              1560 (   1.52kB)
    Total ROM Size (Code + RO Data + RW Data)       1476 (   1.44kB)

==============================================================================

